#
# There is insufficient memory for the Java Runtime Environment to continue.
# Native memory allocation (mmap) failed to map 65536 bytes for Failed to commit metaspace.
# Possible reasons:
#   The system is out of physical RAM or swap space
#   The process is running with CompressedOops enabled, and the Java Heap may be blocking the growth of the native heap
# Possible solutions:
#   Reduce memory load on the system
#   Increase physical memory or swap space
#   Check if swap backing store is full
#   Decrease Java heap size (-Xmx/-Xms)
#
#  Out of Memory Error (virtualSpaceNode.cpp:110), pid=13020, tid=35808
#
# JRE version: OpenJDK Runtime Environment Temurin-17.0.8.1+1 (17.0.8.1+1) (build 17.0.8.1+1)
# Java VM: OpenJDK 64-Bit Server VM Temurin-17.0.8.1+1 (17.0.8.1+1, mixed mode, tiered, compressed oops, compressed class ptrs, g1 gc, windows-amd64)
# No core dump will be written. Minidumps are not enabled by default on client versions of Windows
#

---------------  S U M M A R Y ------------

Command Line: -XX:+ShowCodeDetailsInExceptionMessages -agentlib:jdwp=transport=dt_socket,suspend=y,address=localhost:53670 -javaagent:C:\Users\alaa2\eclipse\jee-2023-06\eclipse\configuration\org.eclipse.osgi\430\0\.cp\lib\javaagent-shaded.jar -Dfile.encoding=UTF-8 com.certacure.app.Application

Host: 12th Gen Intel(R) Core(TM) i7-12700H, 20 cores, 15G,  Windows 11 , 64 bit Build 22621 (10.0.22621.3374)
Time: Wed May  1 09:29:45 2024 Arab Standard Time elapsed time: 65298.704917 seconds (0d 18h 8m 18s)

---------------  T H R E A D  ---------------

Current thread (0x000001b76ee45fd0):  JavaThread "C1 CompilerThread0" daemon [_thread_in_vm, id=35808, stack(0x0000003b94c00000,0x0000003b94d00000)]


Current CompileTask:
C1:65298705 21031       3       java.io.PrintWriter::print (9 bytes)

Stack: [0x0000003b94c00000,0x0000003b94d00000]
Native frames: (J=compiled Java code, j=interpreted, Vv=VM code, C=native code)
V  [jvm.dll+0x678b0a]
V  [jvm.dll+0x835e84]
V  [jvm.dll+0x83762e]
V  [jvm.dll+0x837c93]
V  [jvm.dll+0x24746f]
V  [jvm.dll+0x831f1b]
V  [jvm.dll+0x61d3c6]
V  [jvm.dll+0x61d42a]
V  [jvm.dll+0x61fc5a]
V  [jvm.dll+0x61dd66]
V  [jvm.dll+0x62effa]
V  [jvm.dll+0x627e6a]
V  [jvm.dll+0x1cdc30]
V  [jvm.dll+0x1cde1f]
V  [jvm.dll+0x1357ce]
V  [jvm.dll+0x135af6]
V  [jvm.dll+0x134f8a]
V  [jvm.dll+0x136c51]
V  [jvm.dll+0x228d8a]
V  [jvm.dll+0x226dcc]
V  [jvm.dll+0x7ec09b]
V  [jvm.dll+0x7e64ca]
V  [jvm.dll+0x677955]
C  [ucrtbase.dll+0x29333]
C  [KERNEL32.DLL+0x1257d]
C  [ntdll.dll+0x5aa48]


---------------  P R O C E S S  ---------------

Threads class SMR info:
_java_thread_list=0x000001b776f09e50, length=99, elements={
0x000001b76edeb5e0, 0x000001b76edec460, 0x000001b76ee30290, 0x000001b76ee30e50,
0x000001b76ee31a10, 0x000001b76ee3e400, 0x000001b76ee425f0, 0x000001b76ee45fd0,
0x000001b76ee570a0, 0x000001b76edb0130, 0x000001b76f3161b0, 0x000001b76f25f600,
0x000001b76f25fce0, 0x000001b76f3ec4b0, 0x000001b77a49d4b0, 0x000001b77a49e3e0,
0x000001b77a49cfa0, 0x000001b77a49f310, 0x000001b77a49f820, 0x000001b77a49ca90,
0x000001b7745e47b0, 0x000001b700231840, 0x000001b7745e6100, 0x000001b77a49d9c0,
0x000001b777373a60, 0x000001b77736df40, 0x000001b777373550, 0x000001b777371c00,
0x000001b777373f70, 0x000001b777372620, 0x000001b777374480, 0x000001b777372b30,
0x000001b777374990, 0x000001b777374ea0, 0x000001b77736fda0, 0x000001b7773716f0,
0x000001b77736da30, 0x000001b77736f380, 0x000001b7773707c0, 0x000001b7773711e0,
0x000001b77736e960, 0x000001b77736ee70, 0x000001b77736e450, 0x000001b77736f890,
0x000001b700362ad0, 0x000001b700360250, 0x000001b700362fe0, 0x000001b700361ba0,
0x000001b70035e3f0, 0x000001b700360760, 0x000001b70035dee0, 0x000001b70035f830,
0x000001b7003620b0, 0x000001b7003625c0, 0x000001b70035e900, 0x000001b70035f320,
0x000001b7003634f0, 0x000001b70035fd40, 0x000001b700360c70, 0x000001b700363a00,
0x000001b700363f10, 0x000001b700364930, 0x000001b700361180, 0x000001b700361690,
0x000001b700364420, 0x000001b700364e40, 0x000001b70035ee10, 0x000001b70035d9d0,
0x000001b77a0c4570, 0x000001b77a0c4a80, 0x000001b77a0c68e0, 0x000001b77a0c63d0,
0x000001b77a0c4060, 0x000001b77a0c4f90, 0x000001b77a49ded0, 0x000001b777288860,
0x000001b77728e890, 0x000001b77728d450, 0x000001b77728fcd0, 0x000001b77728ca30,
0x000001b77728abd0, 0x000001b77728bb00, 0x000001b77728c010, 0x000001b77728cf40,
0x000001b77728eda0, 0x000001b77728c520, 0x000001b77728d960, 0x000001b77728de70,
0x000001b777289ca0, 0x000001b77728a1b0, 0x000001b77a100060, 0x000001b77a100570,
0x000001b77a104740, 0x000001b77a100f90, 0x000001b77a104230, 0x000001b77a101ec0,
0x000001b77a103d20, 0x000001b77a103300, 0x000001b776fcc140
}

Java Threads: ( => current thread )
  0x000001b76edeb5e0 JavaThread "Reference Handler" daemon [_thread_blocked, id=28520, stack(0x0000003b94500000,0x0000003b94600000)]
  0x000001b76edec460 JavaThread "Finalizer" daemon [_thread_blocked, id=28380, stack(0x0000003b94600000,0x0000003b94700000)]
  0x000001b76ee30290 JavaThread "Signal Dispatcher" daemon [_thread_blocked, id=34888, stack(0x0000003b94700000,0x0000003b94800000)]
  0x000001b76ee30e50 JavaThread "Attach Listener" daemon [_thread_blocked, id=7256, stack(0x0000003b94800000,0x0000003b94900000)]
  0x000001b76ee31a10 JavaThread "Service Thread" daemon [_thread_blocked, id=13496, stack(0x0000003b94900000,0x0000003b94a00000)]
  0x000001b76ee3e400 JavaThread "Monitor Deflation Thread" daemon [_thread_blocked, id=33924, stack(0x0000003b94a00000,0x0000003b94b00000)]
  0x000001b76ee425f0 JavaThread "C2 CompilerThread0" daemon [_thread_blocked, id=11596, stack(0x0000003b94b00000,0x0000003b94c00000)]
=>0x000001b76ee45fd0 JavaThread "C1 CompilerThread0" daemon [_thread_in_vm, id=35808, stack(0x0000003b94c00000,0x0000003b94d00000)]
  0x000001b76ee570a0 JavaThread "Sweeper thread" daemon [_thread_blocked, id=1284, stack(0x0000003b94d00000,0x0000003b94e00000)]
  0x000001b76edb0130 JavaThread "Common-Cleaner" daemon [_thread_blocked, id=2468, stack(0x0000003b94e00000,0x0000003b94f00000)]
  0x000001b76f3161b0 JavaThread "JDWP Transport Listener: dt_socket" daemon [_thread_blocked, id=34440, stack(0x0000003b95200000,0x0000003b95300000)]
  0x000001b76f25f600 JavaThread "JDWP Event Helper Thread" daemon [_thread_blocked, id=28912, stack(0x0000003b95300000,0x0000003b95400000)]
  0x000001b76f25fce0 JavaThread "JDWP Command Reader" daemon [_thread_in_native, id=25956, stack(0x0000003b95400000,0x0000003b95500000)]
  0x000001b76f3ec4b0 JavaThread "Notification Thread" daemon [_thread_blocked, id=34644, stack(0x0000003b95500000,0x0000003b95600000)]
  0x000001b77a49d4b0 JavaThread "Catalina-utility-1" [_thread_blocked, id=29096, stack(0x0000003b96a00000,0x0000003b96b00000)]
  0x000001b77a49e3e0 JavaThread "Catalina-utility-2" [_thread_blocked, id=15940, stack(0x0000003b96e00000,0x0000003b96f00000)]
  0x000001b77a49cfa0 JavaThread "container-0" [_thread_blocked, id=23176, stack(0x0000003b96f00000,0x0000003b97000000)]
  0x000001b77a49f310 JavaThread "__DEFAULT__" daemon [_thread_blocked, id=31372, stack(0x0000003b97000000,0x0000003b97100000)]
  0x000001b77a49f820 JavaThread "Statistics Thread-__DEFAULT__-1" daemon [_thread_blocked, id=26532, stack(0x0000003b97100000,0x0000003b97200000)]
  0x000001b77a49ca90 JavaThread "PostgreSQL-JDBC-SharedTimer-1" daemon [_thread_blocked, id=35440, stack(0x0000003b97300000,0x0000003b97400000)]
  0x000001b7745e47b0 JavaThread "HikariPool-1 housekeeper" daemon [_thread_blocked, id=18604, stack(0x0000003b97400000,0x0000003b97500000)]
  0x000001b700231840 JavaThread "MessageBroker-1" [_thread_blocked, id=12424, stack(0x0000003b97500000,0x0000003b97600000)]
  0x000001b7745e6100 JavaThread "http-nio-8055-BlockPoller" daemon [_thread_in_native, id=34012, stack(0x0000003b97800000,0x0000003b97900000)]
  0x000001b77a49d9c0 JavaThread "http-nio-8055-exec-1" daemon [_thread_blocked, id=22108, stack(0x0000003b97900000,0x0000003b97a00000)]
  0x000001b777373a60 JavaThread "http-nio-8055-exec-2" daemon [_thread_blocked, id=14976, stack(0x0000003b97a00000,0x0000003b97b00000)]
  0x000001b77736df40 JavaThread "http-nio-8055-exec-3" daemon [_thread_blocked, id=35320, stack(0x0000003b97b00000,0x0000003b97c00000)]
  0x000001b777373550 JavaThread "http-nio-8055-exec-4" daemon [_thread_blocked, id=30904, stack(0x0000003b97c00000,0x0000003b97d00000)]
  0x000001b777371c00 JavaThread "http-nio-8055-exec-5" daemon [_thread_blocked, id=34980, stack(0x0000003b97d00000,0x0000003b97e00000)]
  0x000001b777373f70 JavaThread "http-nio-8055-exec-6" daemon [_thread_blocked, id=8932, stack(0x0000003b97e00000,0x0000003b97f00000)]
  0x000001b777372620 JavaThread "http-nio-8055-exec-7" daemon [_thread_blocked, id=20692, stack(0x0000003b97f00000,0x0000003b98000000)]
  0x000001b777374480 JavaThread "http-nio-8055-exec-8" daemon [_thread_blocked, id=25608, stack(0x0000003b98000000,0x0000003b98100000)]
  0x000001b777372b30 JavaThread "http-nio-8055-exec-9" daemon [_thread_blocked, id=17380, stack(0x0000003b98100000,0x0000003b98200000)]
  0x000001b777374990 JavaThread "http-nio-8055-exec-10" daemon [_thread_blocked, id=32408, stack(0x0000003b98200000,0x0000003b98300000)]
  0x000001b777374ea0 JavaThread "http-nio-8055-ClientPoller" daemon [_thread_in_native, id=15756, stack(0x0000003b98300000,0x0000003b98400000)]
  0x000001b77736fda0 JavaThread "http-nio-8055-Acceptor" daemon [_thread_in_native, id=34248, stack(0x0000003b98400000,0x0000003b98500000)]
  0x000001b7773716f0 JavaThread "Main-scheduler-1" [_thread_blocked, id=33120, stack(0x0000003b96d00000,0x0000003b96e00000)]
  0x000001b77736da30 JavaThread "Main-akka.actor.default-dispatcher-2" [_thread_blocked, id=29904, stack(0x0000003b98500000,0x0000003b98600000)]
  0x000001b77736f380 JavaThread "Main-akka.actor.default-dispatcher-3" [_thread_blocked, id=26352, stack(0x0000003b98600000,0x0000003b98700000)]
  0x000001b7773707c0 JavaThread "Main-akka.actor.default-dispatcher-4" [_thread_blocked, id=33148, stack(0x0000003b98700000,0x0000003b98800000)]
  0x000001b7773711e0 JavaThread "DestroyJavaVM" [_thread_blocked, id=34668, stack(0x0000003b93e00000,0x0000003b93f00000)]
  0x000001b77736e960 JavaThread "WebSocketWorker-58" [_thread_blocked, id=29024, stack(0x0000003b96100000,0x0000003b96200000)]
  0x000001b77736ee70 JavaThread "WebSocketWorker-59" [_thread_blocked, id=31156, stack(0x0000003b98800000,0x0000003b98900000)]
  0x000001b77736e450 JavaThread "WebSocketWorker-60" [_thread_blocked, id=33780, stack(0x0000003b98900000,0x0000003b98a00000)]
  0x000001b77736f890 JavaThread "WebSocketWorker-61" [_thread_blocked, id=15000, stack(0x0000003b98a00000,0x0000003b98b00000)]
  0x000001b700362ad0 JavaThread "WebSocketWorker-62" [_thread_blocked, id=6956, stack(0x0000003b98b00000,0x0000003b98c00000)]
  0x000001b700360250 JavaThread "WebSocketWorker-63" [_thread_blocked, id=6584, stack(0x0000003b98c00000,0x0000003b98d00000)]
  0x000001b700362fe0 JavaThread "WebSocketWorker-64" [_thread_blocked, id=34608, stack(0x0000003b98d00000,0x0000003b98e00000)]
  0x000001b700361ba0 JavaThread "WebSocketWorker-65" [_thread_blocked, id=3924, stack(0x0000003b98e00000,0x0000003b98f00000)]
  0x000001b70035e3f0 JavaThread "WebSocketWorker-66" [_thread_blocked, id=33908, stack(0x0000003b98f00000,0x0000003b99000000)]
  0x000001b700360760 JavaThread "WebSocketWorker-67" [_thread_blocked, id=32212, stack(0x0000003b99000000,0x0000003b99100000)]
  0x000001b70035dee0 JavaThread "WebSocketWorker-68" [_thread_blocked, id=24128, stack(0x0000003b99100000,0x0000003b99200000)]
  0x000001b70035f830 JavaThread "WebSocketWorker-69" [_thread_blocked, id=25760, stack(0x0000003b99200000,0x0000003b99300000)]
  0x000001b7003620b0 JavaThread "WebSocketWorker-70" [_thread_blocked, id=17216, stack(0x0000003b99300000,0x0000003b99400000)]
  0x000001b7003625c0 JavaThread "WebSocketWorker-71" [_thread_blocked, id=16896, stack(0x0000003b99400000,0x0000003b99500000)]
  0x000001b70035e900 JavaThread "WebSocketWorker-72" [_thread_blocked, id=452, stack(0x0000003b99500000,0x0000003b99600000)]
  0x000001b70035f320 JavaThread "WebSocketWorker-73" [_thread_blocked, id=31852, stack(0x0000003b99600000,0x0000003b99700000)]
  0x000001b7003634f0 JavaThread "WebSocketWorker-74" [_thread_blocked, id=16724, stack(0x0000003b99700000,0x0000003b99800000)]
  0x000001b70035fd40 JavaThread "WebSocketWorker-75" [_thread_blocked, id=24632, stack(0x0000003b99800000,0x0000003b99900000)]
  0x000001b700360c70 JavaThread "WebSocketWorker-76" [_thread_blocked, id=31956, stack(0x0000003b99900000,0x0000003b99a00000)]
  0x000001b700363a00 JavaThread "WebSocketWorker-77" [_thread_blocked, id=33796, stack(0x0000003b99a00000,0x0000003b99b00000)]
  0x000001b700363f10 JavaThread "WebsocketSelector78" [_thread_in_native, id=31424, stack(0x0000003b99b00000,0x0000003b99c00000)]
  0x000001b700364930 JavaThread "Main-akka.actor.default-dispatcher-5" [_thread_blocked, id=29728, stack(0x0000003b99c00000,0x0000003b99d00000)]
  0x000001b700361180 JavaThread "Main-akka.actor.default-dispatcher-6" [_thread_blocked, id=29068, stack(0x0000003b99d00000,0x0000003b99e00000)]
  0x000001b700361690 JavaThread "Main-akka.actor.default-dispatcher-7" [_thread_blocked, id=34080, stack(0x0000003b99e00000,0x0000003b99f00000)]
  0x000001b700364420 JavaThread "Main-akka.actor.default-dispatcher-8" [_thread_blocked, id=33128, stack(0x0000003b99f00000,0x0000003b9a000000)]
  0x000001b700364e40 JavaThread "Main-akka.io.pinned-dispatcher-9" [_thread_in_native, id=19060, stack(0x0000003b9a000000,0x0000003b9a100000)]
  0x000001b70035ee10 JavaThread "Main-akka.actor.default-dispatcher-10" [_thread_blocked, id=26736, stack(0x0000003b95100000,0x0000003b95200000)]
  0x000001b70035d9d0 JavaThread "Main-akka.actor.default-dispatcher-11" [_thread_in_vm, id=35780, stack(0x0000003b95700000,0x0000003b95800000)]
  0x000001b77a0c4570 JavaThread "Main-akka.actor.default-dispatcher-12" [_thread_blocked, id=1588, stack(0x0000003b96000000,0x0000003b96100000)]
  0x000001b77a0c4a80 JavaThread "Main-akka.actor.default-dispatcher-13" [_thread_blocked, id=32664, stack(0x0000003b9a100000,0x0000003b9a200000)]
  0x000001b77a0c68e0 JavaThread "Main-akka.actor.default-dispatcher-14" [_thread_in_vm, id=8176, stack(0x0000003b9a200000,0x0000003b9a300000)]
  0x000001b77a0c63d0 JavaThread "MessageBroker-2" [_thread_blocked, id=33008, stack(0x0000003b9a700000,0x0000003b9a800000)]
  0x000001b77a0c4060 JavaThread "MessageBroker-3" [_thread_blocked, id=17264, stack(0x0000003b9a800000,0x0000003b9a900000)]
  0x000001b77a0c4f90 JavaThread "MessageBroker-4" [_thread_blocked, id=7000, stack(0x0000003b9a900000,0x0000003b9aa00000)]
  0x000001b77a49ded0 JavaThread "MessageBroker-5" [_thread_blocked, id=13364, stack(0x0000003b9af00000,0x0000003b9b000000)]
  0x000001b777288860 JavaThread "MessageBroker-6" [_thread_blocked, id=21964, stack(0x0000003b94f00000,0x0000003b95000000)]
  0x000001b77728e890 JavaThread "MessageBroker-7" [_thread_blocked, id=3600, stack(0x0000003b9a400000,0x0000003b9a500000)]
  0x000001b77728d450 JavaThread "MessageBroker-8" [_thread_blocked, id=5736, stack(0x0000003b9a300000,0x0000003b9a400000)]
  0x000001b77728fcd0 JavaThread "MessageBroker-9" [_thread_blocked, id=14032, stack(0x0000003b9a500000,0x0000003b9a600000)]
  0x000001b77728ca30 JavaThread "MessageBroker-10" [_thread_blocked, id=9108, stack(0x0000003b9a600000,0x0000003b9a700000)]
  0x000001b77728abd0 JavaThread "MessageBroker-11" [_thread_blocked, id=24948, stack(0x0000003b9b300000,0x0000003b9b400000)]
  0x000001b77728bb00 JavaThread "MessageBroker-12" [_thread_blocked, id=2428, stack(0x0000003b93b00000,0x0000003b93c00000)]
  0x000001b77728c010 JavaThread "MessageBroker-13" [_thread_blocked, id=1652, stack(0x0000003b93c00000,0x0000003b93d00000)]
  0x000001b77728cf40 JavaThread "MessageBroker-14" [_thread_blocked, id=34236, stack(0x0000003b93d00000,0x0000003b93e00000)]
  0x000001b77728eda0 JavaThread "MessageBroker-15" [_thread_blocked, id=26912, stack(0x0000003b9b400000,0x0000003b9b500000)]
  0x000001b77728c520 JavaThread "MessageBroker-16" [_thread_blocked, id=26020, stack(0x0000003b9b500000,0x0000003b9b600000)]
  0x000001b77728d960 JavaThread "MessageBroker-17" [_thread_blocked, id=13868, stack(0x0000003b9b600000,0x0000003b9b700000)]
  0x000001b77728de70 JavaThread "MessageBroker-18" [_thread_blocked, id=11368, stack(0x0000003b9b700000,0x0000003b9b800000)]
  0x000001b777289ca0 JavaThread "MessageBroker-19" [_thread_blocked, id=31140, stack(0x0000003b9b800000,0x0000003b9b900000)]
  0x000001b77728a1b0 JavaThread "MessageBroker-20" [_thread_blocked, id=33888, stack(0x0000003b9b900000,0x0000003b9ba00000)]
  0x000001b77a100060 JavaThread "Main-akka.actor.default-dispatcher-15" [_thread_blocked, id=36276, stack(0x0000003b9ad00000,0x0000003b9ae00000)]
  0x000001b77a100570 JavaThread "Main-akka.actor.default-dispatcher-16" [_thread_blocked, id=36288, stack(0x0000003b9ae00000,0x0000003b9af00000)]
  0x000001b77a104740 JavaThread "Main-akka.actor.default-dispatcher-17" [_thread_blocked, id=36292, stack(0x0000003b9b000000,0x0000003b9b100000)]
  0x000001b77a100f90 JavaThread "Main-akka.actor.default-dispatcher-18" [_thread_blocked, id=36296, stack(0x0000003b9b100000,0x0000003b9b200000)]
  0x000001b77a104230 JavaThread "Main-akka.actor.default-dispatcher-19" [_thread_blocked, id=36300, stack(0x0000003b9b200000,0x0000003b9b300000)]
  0x000001b77a101ec0 JavaThread "Main-akka.actor.default-dispatcher-21" [_thread_blocked, id=36304, stack(0x0000003b9ba00000,0x0000003b9bb00000)]
  0x000001b77a103d20 JavaThread "Main-akka.actor.default-dispatcher-20" [_thread_blocked, id=36308, stack(0x0000003b9bb00000,0x0000003b9bc00000)]
  0x000001b77a103300 JavaThread "Main-akka.actor.default-dispatcher-22" [_thread_blocked, id=36364, stack(0x0000003b9bd00000,0x0000003b9be00000)]
  0x000001b776fcc140 JavaThread "WebSocket background processing" daemon [_thread_blocked, id=32048, stack(0x0000003b9ab00000,0x0000003b9ac00000)]

Other Threads:
  0x000001b76e38ec50 VMThread "VM Thread" [stack: 0x0000003b94400000,0x0000003b94500000] [id=26488] _threads_hazard_ptr=0x000001b776f09e50
  0x000001b76e1e4770 WatcherThread [stack: 0x0000003b95600000,0x0000003b95700000] [id=13060]
  0x000001b74f3d3e80 GCTaskThread "GC Thread#0" [stack: 0x0000003b93f00000,0x0000003b94000000] [id=19604]
  0x000001b77476e880 GCTaskThread "GC Thread#1" [stack: 0x0000003b95800000,0x0000003b95900000] [id=16600]
  0x000001b774369590 GCTaskThread "GC Thread#2" [stack: 0x0000003b95900000,0x0000003b95a00000] [id=30528]
  0x000001b7746a28a0 GCTaskThread "GC Thread#3" [stack: 0x0000003b95a00000,0x0000003b95b00000] [id=32164]
  0x000001b77475c100 GCTaskThread "GC Thread#4" [stack: 0x0000003b95b00000,0x0000003b95c00000] [id=26124]
  0x000001b7746a1840 GCTaskThread "GC Thread#5" [stack: 0x0000003b95c00000,0x0000003b95d00000] [id=9148]
  0x000001b7743d95d0 GCTaskThread "GC Thread#6" [stack: 0x0000003b95d00000,0x0000003b95e00000] [id=428]
  0x000001b7747034d0 GCTaskThread "GC Thread#7" [stack: 0x0000003b95e00000,0x0000003b95f00000] [id=35580]
  0x000001b7764c3030 GCTaskThread "GC Thread#8" [stack: 0x0000003b96200000,0x0000003b96300000] [id=14456]
  0x000001b7764c1a30 GCTaskThread "GC Thread#9" [stack: 0x0000003b96300000,0x0000003b96400000] [id=1228]
  0x000001b7764c1fb0 GCTaskThread "GC Thread#10" [stack: 0x0000003b96400000,0x0000003b96500000] [id=21912]
  0x000001b7764c2270 GCTaskThread "GC Thread#11" [stack: 0x0000003b96500000,0x0000003b96600000] [id=28764]
  0x000001b7764c2ab0 GCTaskThread "GC Thread#12" [stack: 0x0000003b96600000,0x0000003b96700000] [id=28276]
  0x000001b7764c1cf0 GCTaskThread "GC Thread#13" [stack: 0x0000003b96b00000,0x0000003b96c00000] [id=24932]
  0x000001b7764c27f0 GCTaskThread "GC Thread#14" [stack: 0x0000003b96c00000,0x0000003b96d00000] [id=17528]
  0x000001b74f3e4990 ConcurrentGCThread "G1 Main Marker" [stack: 0x0000003b94000000,0x0000003b94100000] [id=456]
  0x000001b74f3e53a0 ConcurrentGCThread "G1 Conc#0" [stack: 0x0000003b94100000,0x0000003b94200000] [id=12648]
  0x000001b7764c2530 ConcurrentGCThread "G1 Conc#1" [stack: 0x0000003b96700000,0x0000003b96800000] [id=12376]
  0x000001b7764c32f0 ConcurrentGCThread "G1 Conc#2" [stack: 0x0000003b96800000,0x0000003b96900000] [id=20208]
  0x000001b7764c1770 ConcurrentGCThread "G1 Conc#3" [stack: 0x0000003b96900000,0x0000003b96a00000] [id=26460]
  0x000001b76e296b20 ConcurrentGCThread "G1 Refine#0" [stack: 0x0000003b94200000,0x0000003b94300000] [id=17432]
  0x000001b77d6650d0 ConcurrentGCThread "G1 Refine#1" [stack: 0x0000003b97600000,0x0000003b97700000] [id=3172]
  0x000001b77d6653c0 ConcurrentGCThread "G1 Refine#2" [stack: 0x0000003b97700000,0x0000003b97800000] [id=1672]
  0x000001b76e297550 ConcurrentGCThread "G1 Service" [stack: 0x0000003b94300000,0x0000003b94400000] [id=31320]

Threads with active compile tasks:
C1 CompilerThread0  65298752 21031       3       java.io.PrintWriter::print (9 bytes)

VM state: synchronizing (normal execution)

VM Mutex/Monitor currently owned by a thread:  ([mutex/lock_event])
[0x000001b74d08cd30] Metaspace_lock - owner thread: 0x000001b76ee45fd0
[0x000001b74f361ec0] Threads_lock - owner thread: 0x000001b76e38ec50
[0x000001b74f360cc0] MethodData_lock - owner thread: 0x000001b76ee45fd0

Heap address: 0x0000000704400000, size: 4028 MB, Compressed Oops mode: Zero based, Oop shift amount: 3

CDS archive(s) not mapped
Compressed class space mapped at: 0x0000000800000000-0x0000000840000000, reserved size: 1073741824
Narrow klass base: 0x0000000800000000, Narrow klass shift: 0, Narrow klass range: 0x40000000

GC Precious Log:
 CPUs: 20 total, 20 available
 Memory: 16108M
 Large Page Support: Disabled
 NUMA Support: Disabled
 Compressed Oops: Enabled (Zero based)
 Heap Region Size: 2M
 Heap Min Capacity: 8M
 Heap Initial Capacity: 252M
 Heap Max Capacity: 4028M
 Pre-touch: Disabled
 Parallel Workers: 15
 Concurrent Workers: 4
 Concurrent Refinement Workers: 15
 Periodic GC: Disabled

Heap:
 garbage-first heap   total 262144K, used 171680K [0x0000000704400000, 0x0000000800000000)
  region size 2048K, 38 young (77824K), 4 survivors (8192K)
 Metaspace       used 121435K, committed 122112K, reserved 1179648K
  class space    used 14512K, committed 14848K, reserved 1048576K

Heap Regions: E=young(eden), S=young(survivor), O=old, HS=humongous(starts), HC=humongous(continues), CS=collection set, F=free, OA=open archive, CA=closed archive, TAMS=top-at-mark-start (previous, next)
|   0|0x0000000704400000, 0x0000000704600000, 0x0000000704600000|100%| O|  |TAMS 0x0000000704600000, 0x0000000704400000| Untracked 
|   1|0x0000000704600000, 0x0000000704800000, 0x0000000704800000|100%| O|  |TAMS 0x0000000704800000, 0x0000000704600000| Untracked 
|   2|0x0000000704800000, 0x0000000704a00000, 0x0000000704a00000|100%| O|  |TAMS 0x0000000704a00000, 0x0000000704800000| Untracked 
|   3|0x0000000704a00000, 0x0000000704c00000, 0x0000000704c00000|100%| O|  |TAMS 0x0000000704c00000, 0x0000000704a00000| Untracked 
|   4|0x0000000704c00000, 0x0000000704e00000, 0x0000000704e00000|100%| O|  |TAMS 0x0000000704e00000, 0x0000000704c00000| Untracked 
|   5|0x0000000704e00000, 0x0000000705000000, 0x0000000705000000|100%| O|  |TAMS 0x0000000705000000, 0x0000000704e00000| Untracked 
|   6|0x0000000705000000, 0x0000000705200000, 0x0000000705200000|100%| O|  |TAMS 0x0000000705200000, 0x0000000705000000| Untracked 
|   7|0x0000000705200000, 0x0000000705400000, 0x0000000705400000|100%| O|  |TAMS 0x0000000705400000, 0x0000000705200000| Untracked 
|   8|0x0000000705400000, 0x0000000705600000, 0x0000000705600000|100%| O|  |TAMS 0x0000000705600000, 0x0000000705400000| Untracked 
|   9|0x0000000705600000, 0x0000000705800000, 0x0000000705800000|100%| O|  |TAMS 0x0000000705800000, 0x0000000705600000| Untracked 
|  10|0x0000000705800000, 0x0000000705a00000, 0x0000000705a00000|100%| O|  |TAMS 0x0000000705a00000, 0x0000000705800000| Untracked 
|  11|0x0000000705a00000, 0x0000000705c00000, 0x0000000705c00000|100%| O|  |TAMS 0x0000000705c00000, 0x0000000705a00000| Untracked 
|  12|0x0000000705c00000, 0x0000000705e00000, 0x0000000705e00000|100%| O|  |TAMS 0x0000000705e00000, 0x0000000705c00000| Untracked 
|  13|0x0000000705e00000, 0x0000000706000000, 0x0000000706000000|100%| O|  |TAMS 0x0000000706000000, 0x0000000705e00000| Untracked 
|  14|0x0000000706000000, 0x0000000706200000, 0x0000000706200000|100%| O|  |TAMS 0x0000000706200000, 0x0000000706000000| Untracked 
|  15|0x0000000706200000, 0x0000000706400000, 0x0000000706400000|100%| O|  |TAMS 0x0000000706400000, 0x0000000706200000| Untracked 
|  16|0x0000000706400000, 0x0000000706600000, 0x0000000706600000|100%| O|  |TAMS 0x0000000706600000, 0x0000000706400000| Untracked 
|  17|0x0000000706600000, 0x0000000706800000, 0x0000000706800000|100%| O|  |TAMS 0x0000000706800000, 0x0000000706600000| Untracked 
|  18|0x0000000706800000, 0x0000000706a00000, 0x0000000706a00000|100%| O|  |TAMS 0x0000000706a00000, 0x0000000706800000| Untracked 
|  19|0x0000000706a00000, 0x0000000706c00000, 0x0000000706c00000|100%| O|  |TAMS 0x0000000706c00000, 0x0000000706a00000| Untracked 
|  20|0x0000000706c00000, 0x0000000706e00000, 0x0000000706e00000|100%| O|  |TAMS 0x0000000706e00000, 0x0000000706c00000| Untracked 
|  21|0x0000000706e00000, 0x0000000707000000, 0x0000000707000000|100%| O|  |TAMS 0x0000000707000000, 0x0000000706e00000| Untracked 
|  22|0x0000000707000000, 0x0000000707200000, 0x0000000707200000|100%| O|  |TAMS 0x0000000707200000, 0x0000000707000000| Untracked 
|  23|0x0000000707200000, 0x0000000707400000, 0x0000000707400000|100%| O|  |TAMS 0x0000000707400000, 0x0000000707200000| Untracked 
|  24|0x0000000707400000, 0x0000000707600000, 0x0000000707600000|100%| O|  |TAMS 0x0000000707600000, 0x0000000707400000| Untracked 
|  25|0x0000000707600000, 0x0000000707800000, 0x0000000707800000|100%| O|  |TAMS 0x0000000707800000, 0x0000000707600000| Untracked 
|  26|0x0000000707800000, 0x0000000707a00000, 0x0000000707a00000|100%| O|  |TAMS 0x0000000707a00000, 0x0000000707800000| Untracked 
|  27|0x0000000707a00000, 0x0000000707c00000, 0x0000000707c00000|100%| O|  |TAMS 0x0000000707c00000, 0x0000000707a00000| Untracked 
|  28|0x0000000707c00000, 0x0000000707e00000, 0x0000000707e00000|100%| O|  |TAMS 0x0000000707e00000, 0x0000000707c00000| Untracked 
|  29|0x0000000707e00000, 0x0000000708000000, 0x0000000708000000|100%| O|  |TAMS 0x0000000708000000, 0x0000000707e00000| Untracked 
|  30|0x0000000708000000, 0x0000000708200000, 0x0000000708200000|100%| O|  |TAMS 0x0000000708200000, 0x0000000708000000| Untracked 
|  31|0x0000000708200000, 0x0000000708400000, 0x0000000708400000|100%| O|  |TAMS 0x0000000708400000, 0x0000000708200000| Untracked 
|  32|0x0000000708400000, 0x0000000708600000, 0x0000000708600000|100%| O|  |TAMS 0x0000000708600000, 0x0000000708400000| Untracked 
|  33|0x0000000708600000, 0x0000000708800000, 0x0000000708800000|100%| O|  |TAMS 0x0000000708642600, 0x0000000708600000| Untracked 
|  34|0x0000000708800000, 0x0000000708a00000, 0x0000000708a00000|100%| O|  |TAMS 0x0000000708800000, 0x0000000708800000| Untracked 
|  35|0x0000000708a00000, 0x0000000708c00000, 0x0000000708c00000|100%| O|  |TAMS 0x0000000708a00000, 0x0000000708a00000| Untracked 
|  36|0x0000000708c00000, 0x0000000708e00000, 0x0000000708e00000|100%| O|  |TAMS 0x0000000708c00000, 0x0000000708c00000| Untracked 
|  37|0x0000000708e00000, 0x0000000709000000, 0x0000000709000000|100%| O|  |TAMS 0x0000000708e00000, 0x0000000708e00000| Untracked 
|  38|0x0000000709000000, 0x0000000709200000, 0x0000000709200000|100%| O|  |TAMS 0x0000000709000000, 0x0000000709000000| Untracked 
|  39|0x0000000709200000, 0x0000000709400000, 0x0000000709400000|100%| O|  |TAMS 0x0000000709200000, 0x0000000709200000| Untracked 
|  40|0x0000000709400000, 0x0000000709600000, 0x0000000709600000|100%| O|  |TAMS 0x0000000709400000, 0x0000000709400000| Untracked 
|  41|0x0000000709600000, 0x0000000709800000, 0x0000000709800000|100%| O|  |TAMS 0x0000000709600000, 0x0000000709600000| Untracked 
|  42|0x0000000709800000, 0x0000000709a00000, 0x0000000709a00000|100%| O|  |TAMS 0x0000000709800000, 0x0000000709800000| Untracked 
|  43|0x0000000709a00000, 0x0000000709c00000, 0x0000000709c00000|100%| O|  |TAMS 0x0000000709a00000, 0x0000000709a00000| Untracked 
|  44|0x0000000709c00000, 0x0000000709e00000, 0x0000000709e00000|100%| O|  |TAMS 0x0000000709c00000, 0x0000000709c00000| Untracked 
|  45|0x0000000709e00000, 0x000000070a000000, 0x000000070a000000|100%| O|  |TAMS 0x0000000709e00000, 0x0000000709e00000| Untracked 
|  46|0x000000070a000000, 0x000000070a200000, 0x000000070a200000|100%| O|  |TAMS 0x000000070a000000, 0x000000070a000000| Untracked 
|  47|0x000000070a200000, 0x000000070a400000, 0x000000070a400000|100%| O|  |TAMS 0x000000070a200000, 0x000000070a200000| Untracked 
|  48|0x000000070a400000, 0x000000070a48e400, 0x000000070a600000| 27%| O|  |TAMS 0x000000070a400000, 0x000000070a400000| Untracked 
|  49|0x000000070a600000, 0x000000070a600000, 0x000000070a800000|  0%| F|  |TAMS 0x000000070a600000, 0x000000070a600000| Untracked 
|  50|0x000000070a800000, 0x000000070a800000, 0x000000070aa00000|  0%| F|  |TAMS 0x000000070a800000, 0x000000070a800000| Untracked 
|  51|0x000000070aa00000, 0x000000070aa00000, 0x000000070ac00000|  0%| F|  |TAMS 0x000000070aa00000, 0x000000070aa00000| Untracked 
|  52|0x000000070ac00000, 0x000000070ac00000, 0x000000070ae00000|  0%| F|  |TAMS 0x000000070ac00000, 0x000000070ac00000| Untracked 
|  53|0x000000070ae00000, 0x000000070ae00000, 0x000000070b000000|  0%| F|  |TAMS 0x000000070ae00000, 0x000000070ae00000| Untracked 
|  54|0x000000070b000000, 0x000000070b000000, 0x000000070b200000|  0%| F|  |TAMS 0x000000070b000000, 0x000000070b000000| Untracked 
|  55|0x000000070b200000, 0x000000070b200000, 0x000000070b400000|  0%| F|  |TAMS 0x000000070b200000, 0x000000070b200000| Untracked 
|  56|0x000000070b400000, 0x000000070b400000, 0x000000070b600000|  0%| F|  |TAMS 0x000000070b400000, 0x000000070b400000| Untracked 
|  57|0x000000070b600000, 0x000000070b600000, 0x000000070b800000|  0%| F|  |TAMS 0x000000070b600000, 0x000000070b600000| Untracked 
|  58|0x000000070b800000, 0x000000070b800000, 0x000000070ba00000|  0%| F|  |TAMS 0x000000070b800000, 0x000000070b800000| Untracked 
|  59|0x000000070ba00000, 0x000000070ba00000, 0x000000070bc00000|  0%| F|  |TAMS 0x000000070ba00000, 0x000000070ba00000| Untracked 
|  60|0x000000070bc00000, 0x000000070bc00000, 0x000000070be00000|  0%| F|  |TAMS 0x000000070bc00000, 0x000000070bc00000| Untracked 
|  61|0x000000070be00000, 0x000000070be00000, 0x000000070c000000|  0%| F|  |TAMS 0x000000070be00000, 0x000000070be00000| Untracked 
|  62|0x000000070c000000, 0x000000070c000000, 0x000000070c200000|  0%| F|  |TAMS 0x000000070c000000, 0x000000070c000000| Untracked 
|  63|0x000000070c200000, 0x000000070c200000, 0x000000070c400000|  0%| F|  |TAMS 0x000000070c200000, 0x000000070c200000| Untracked 
|  64|0x000000070c400000, 0x000000070c400000, 0x000000070c600000|  0%| F|  |TAMS 0x000000070c400000, 0x000000070c400000| Untracked 
|  65|0x000000070c600000, 0x000000070c600000, 0x000000070c800000|  0%| F|  |TAMS 0x000000070c600000, 0x000000070c600000| Untracked 
|  66|0x000000070c800000, 0x000000070c919cd0, 0x000000070ca00000| 55%| S|CS|TAMS 0x000000070c800000, 0x000000070c800000| Complete 
|  67|0x000000070ca00000, 0x000000070ca00000, 0x000000070cc00000|  0%| F|  |TAMS 0x000000070ca00000, 0x000000070ca00000| Untracked 
|  68|0x000000070cc00000, 0x000000070cc00000, 0x000000070ce00000|  0%| F|  |TAMS 0x000000070cc00000, 0x000000070cc00000| Untracked 
|  69|0x000000070ce00000, 0x000000070ce00000, 0x000000070d000000|  0%| F|  |TAMS 0x000000070ce00000, 0x000000070ce00000| Untracked 
|  70|0x000000070d000000, 0x000000070d200000, 0x000000070d200000|100%| S|CS|TAMS 0x000000070d000000, 0x000000070d000000| Complete 
|  71|0x000000070d200000, 0x000000070d400000, 0x000000070d400000|100%| S|CS|TAMS 0x000000070d200000, 0x000000070d200000| Complete 
|  72|0x000000070d400000, 0x000000070d600000, 0x000000070d600000|100%| S|CS|TAMS 0x000000070d400000, 0x000000070d400000| Complete 
|  73|0x000000070d600000, 0x000000070d600000, 0x000000070d800000|  0%| F|  |TAMS 0x000000070d600000, 0x000000070d600000| Untracked 
|  74|0x000000070d800000, 0x000000070d800000, 0x000000070da00000|  0%| F|  |TAMS 0x000000070d800000, 0x000000070d800000| Untracked 
|  75|0x000000070da00000, 0x000000070da00000, 0x000000070dc00000|  0%| F|  |TAMS 0x000000070da00000, 0x000000070da00000| Untracked 
|  76|0x000000070dc00000, 0x000000070dc00000, 0x000000070de00000|  0%| F|  |TAMS 0x000000070dc00000, 0x000000070dc00000| Untracked 
|  77|0x000000070de00000, 0x000000070de00000, 0x000000070e000000|  0%| F|  |TAMS 0x000000070de00000, 0x000000070de00000| Untracked 
|  78|0x000000070e000000, 0x000000070e000000, 0x000000070e200000|  0%| F|  |TAMS 0x000000070e000000, 0x000000070e000000| Untracked 
|  79|0x000000070e200000, 0x000000070e200000, 0x000000070e400000|  0%| F|  |TAMS 0x000000070e200000, 0x000000070e200000| Untracked 
|  80|0x000000070e400000, 0x000000070e400000, 0x000000070e600000|  0%| F|  |TAMS 0x000000070e400000, 0x000000070e400000| Untracked 
|  81|0x000000070e600000, 0x000000070e600000, 0x000000070e800000|  0%| F|  |TAMS 0x000000070e600000, 0x000000070e600000| Untracked 
|  82|0x000000070e800000, 0x000000070e800000, 0x000000070ea00000|  0%| F|  |TAMS 0x000000070e800000, 0x000000070e800000| Untracked 
|  83|0x000000070ea00000, 0x000000070ea00000, 0x000000070ec00000|  0%| F|  |TAMS 0x000000070ea00000, 0x000000070ea00000| Untracked 
|  84|0x000000070ec00000, 0x000000070ec00000, 0x000000070ee00000|  0%| F|  |TAMS 0x000000070ec00000, 0x000000070ec00000| Untracked 
|  85|0x000000070ee00000, 0x000000070ee00000, 0x000000070f000000|  0%| F|  |TAMS 0x000000070ee00000, 0x000000070ee00000| Untracked 
|  86|0x000000070f000000, 0x000000070f000000, 0x000000070f200000|  0%| F|  |TAMS 0x000000070f000000, 0x000000070f000000| Untracked 
|  87|0x000000070f200000, 0x000000070f200000, 0x000000070f400000|  0%| F|  |TAMS 0x000000070f200000, 0x000000070f200000| Untracked 
|  88|0x000000070f400000, 0x000000070f400000, 0x000000070f600000|  0%| F|  |TAMS 0x000000070f400000, 0x000000070f400000| Untracked 
|  89|0x000000070f600000, 0x000000070f600000, 0x000000070f800000|  0%| F|  |TAMS 0x000000070f600000, 0x000000070f600000| Untracked 
|  90|0x000000070f800000, 0x000000070f800000, 0x000000070fa00000|  0%| F|  |TAMS 0x000000070f800000, 0x000000070f800000| Untracked 
|  91|0x000000070fa00000, 0x000000070fa00000, 0x000000070fc00000|  0%| F|  |TAMS 0x000000070fa00000, 0x000000070fa00000| Untracked 
|  92|0x000000070fc00000, 0x000000070fc00000, 0x000000070fe00000|  0%| F|  |TAMS 0x000000070fc00000, 0x000000070fc00000| Untracked 
|  93|0x000000070fe00000, 0x000000070fe00000, 0x0000000710000000|  0%| F|  |TAMS 0x000000070fe00000, 0x000000070fe00000| Untracked 
|  94|0x0000000710000000, 0x000000071016e4f8, 0x0000000710200000| 71%| E|  |TAMS 0x0000000710000000, 0x0000000710000000| Complete 
|  95|0x0000000710200000, 0x0000000710400000, 0x0000000710400000|100%| E|CS|TAMS 0x0000000710200000, 0x0000000710200000| Complete 
|  96|0x0000000710400000, 0x0000000710600000, 0x0000000710600000|100%| E|CS|TAMS 0x0000000710400000, 0x0000000710400000| Complete 
|  97|0x0000000710600000, 0x0000000710800000, 0x0000000710800000|100%| E|CS|TAMS 0x0000000710600000, 0x0000000710600000| Complete 
|  98|0x0000000710800000, 0x0000000710a00000, 0x0000000710a00000|100%| E|CS|TAMS 0x0000000710800000, 0x0000000710800000| Complete 
|  99|0x0000000710a00000, 0x0000000710c00000, 0x0000000710c00000|100%| E|CS|TAMS 0x0000000710a00000, 0x0000000710a00000| Complete 
| 100|0x0000000710c00000, 0x0000000710e00000, 0x0000000710e00000|100%| E|CS|TAMS 0x0000000710c00000, 0x0000000710c00000| Complete 
| 101|0x0000000710e00000, 0x0000000711000000, 0x0000000711000000|100%| E|CS|TAMS 0x0000000710e00000, 0x0000000710e00000| Complete 
| 102|0x0000000711000000, 0x0000000711200000, 0x0000000711200000|100%| E|CS|TAMS 0x0000000711000000, 0x0000000711000000| Complete 
| 103|0x0000000711200000, 0x0000000711400000, 0x0000000711400000|100%| E|CS|TAMS 0x0000000711200000, 0x0000000711200000| Complete 
| 104|0x0000000711400000, 0x0000000711600000, 0x0000000711600000|100%| E|CS|TAMS 0x0000000711400000, 0x0000000711400000| Complete 
| 105|0x0000000711600000, 0x0000000711800000, 0x0000000711800000|100%| E|CS|TAMS 0x0000000711600000, 0x0000000711600000| Complete 
| 106|0x0000000711800000, 0x0000000711a00000, 0x0000000711a00000|100%| E|CS|TAMS 0x0000000711800000, 0x0000000711800000| Complete 
| 107|0x0000000711a00000, 0x0000000711c00000, 0x0000000711c00000|100%| E|CS|TAMS 0x0000000711a00000, 0x0000000711a00000| Complete 
| 108|0x0000000711c00000, 0x0000000711e00000, 0x0000000711e00000|100%| E|CS|TAMS 0x0000000711c00000, 0x0000000711c00000| Complete 
| 109|0x0000000711e00000, 0x0000000712000000, 0x0000000712000000|100%| E|CS|TAMS 0x0000000711e00000, 0x0000000711e00000| Complete 
| 110|0x0000000712000000, 0x0000000712200000, 0x0000000712200000|100%| E|CS|TAMS 0x0000000712000000, 0x0000000712000000| Complete 
| 111|0x0000000712200000, 0x0000000712400000, 0x0000000712400000|100%| E|CS|TAMS 0x0000000712200000, 0x0000000712200000| Complete 
| 112|0x0000000712400000, 0x0000000712600000, 0x0000000712600000|100%| E|CS|TAMS 0x0000000712400000, 0x0000000712400000| Complete 
| 113|0x0000000712600000, 0x0000000712800000, 0x0000000712800000|100%| E|CS|TAMS 0x0000000712600000, 0x0000000712600000| Complete 
| 114|0x0000000712800000, 0x0000000712a00000, 0x0000000712a00000|100%| E|CS|TAMS 0x0000000712800000, 0x0000000712800000| Complete 
| 115|0x0000000712a00000, 0x0000000712c00000, 0x0000000712c00000|100%| E|CS|TAMS 0x0000000712a00000, 0x0000000712a00000| Complete 
| 116|0x0000000712c00000, 0x0000000712e00000, 0x0000000712e00000|100%| E|CS|TAMS 0x0000000712c00000, 0x0000000712c00000| Complete 
| 117|0x0000000712e00000, 0x0000000713000000, 0x0000000713000000|100%| E|CS|TAMS 0x0000000712e00000, 0x0000000712e00000| Complete 
| 118|0x0000000713000000, 0x0000000713200000, 0x0000000713200000|100%| E|CS|TAMS 0x0000000713000000, 0x0000000713000000| Complete 
| 119|0x0000000713200000, 0x0000000713400000, 0x0000000713400000|100%| E|CS|TAMS 0x0000000713200000, 0x0000000713200000| Complete 
| 120|0x0000000713400000, 0x0000000713600000, 0x0000000713600000|100%| E|  |TAMS 0x0000000713400000, 0x0000000713400000| Complete 
| 121|0x0000000713600000, 0x0000000713800000, 0x0000000713800000|100%| E|CS|TAMS 0x0000000713600000, 0x0000000713600000| Complete 
| 122|0x0000000713800000, 0x0000000713a00000, 0x0000000713a00000|100%| E|CS|TAMS 0x0000000713800000, 0x0000000713800000| Complete 
| 123|0x0000000713a00000, 0x0000000713c00000, 0x0000000713c00000|100%| E|CS|TAMS 0x0000000713a00000, 0x0000000713a00000| Complete 
| 124|0x0000000713c00000, 0x0000000713e00000, 0x0000000713e00000|100%| E|CS|TAMS 0x0000000713c00000, 0x0000000713c00000| Complete 
| 125|0x0000000713e00000, 0x0000000714000000, 0x0000000714000000|100%| E|CS|TAMS 0x0000000713e00000, 0x0000000713e00000| Complete 
| 126|0x0000000714000000, 0x0000000714200000, 0x0000000714200000|100%| E|CS|TAMS 0x0000000714000000, 0x0000000714000000| Complete 
| 127|0x0000000714200000, 0x0000000714400000, 0x0000000714400000|100%| E|CS|TAMS 0x0000000714200000, 0x0000000714200000| Complete 

Card table byte_map: [0x000001b762c90000,0x000001b763470000] _byte_map_base: 0x000001b75f46e000

Marking Bits (Prev, Next): (CMBitMap*) 0x000001b74f3d44a0, (CMBitMap*) 0x000001b74f3d44e0
 Prev Bits: [0x000001b763c50000, 0x000001b767b40000)
 Next Bits: [0x000001b767b40000, 0x000001b76ba30000)

Polling page: 0x000001b74d290000

Metaspace:

Usage:
  Non-class:    104.42 MB used.
      Class:     14.17 MB used.
       Both:    118.59 MB used.

Virtual space:
  Non-class space:      128.00 MB reserved,     104.75 MB ( 82%) committed,  2 nodes.
      Class space:        1.00 GB reserved,      14.50 MB (  1%) committed,  1 nodes.
             Both:        1.12 GB reserved,     119.25 MB ( 10%) committed. 

Chunk freelists:
   Non-Class:  7.03 MB
       Class:  1.31 MB
        Both:  8.35 MB

MaxMetaspaceSize: unlimited
CompressedClassSpaceSize: 1.00 GB
Initial GC threshold: 21.00 MB
Current GC threshold: 163.69 MB
CDS: off
MetaspaceReclaimPolicy: balanced
 - commit_granule_bytes: 65536.
 - commit_granule_words: 8192.
 - virtual_space_node_default_size: 8388608.
 - enlarge_chunks_in_place: 1.
 - new_chunks_are_fully_committed: 0.
 - uncommit_free_chunks: 1.
 - use_allocation_guard: 0.
 - handle_deallocations: 1.


Internal statistics:

num_allocs_failed_limit: 12.
num_arena_births: 1298.
num_arena_deaths: 0.
num_vsnodes_births: 3.
num_vsnodes_deaths: 0.
num_space_committed: 1908.
num_space_uncommitted: 0.
num_chunks_returned_to_freelist: 12.
num_chunks_taken_from_freelist: 5790.
num_chunk_merges: 9.
num_chunk_splits: 3850.
num_chunks_enlarged: 2669.
num_inconsistent_stats: 0.

CodeHeap 'non-profiled nmethods': size=119168Kb used=20372Kb max_used=20632Kb free=98795Kb
 bounds [0x000001b75a5a0000, 0x000001b75b9d0000, 0x000001b761a00000]
CodeHeap 'profiled nmethods': size=119104Kb used=31882Kb max_used=35187Kb free=87221Kb
 bounds [0x000001b752a00000, 0x000001b754c70000, 0x000001b759e50000]
CodeHeap 'non-nmethods': size=7488Kb used=1479Kb max_used=3240Kb free=6008Kb
 bounds [0x000001b759e50000, 0x000001b75a190000, 0x000001b75a5a0000]
 total_blobs=17325 nmethods=16569 adapters=666
 compilation: enabled
              stopped_count=0, restarted_count=0
 full_count=0

Compilation events (20 events):
Event: 65298.631 Thread 0x000001b76ee45fd0 nmethod 21018 0x000001b753403290 code [0x000001b753403440, 0x000001b753403748]
Event: 65298.631 Thread 0x000001b76ee45fd0 21020       3       java.io.PrintWriter::println (5 bytes)
Event: 65298.631 Thread 0x000001b76ee45fd0 nmethod 21020 0x000001b753402710 code [0x000001b7534028a0, 0x000001b7534029e8]
Event: 65298.631 Thread 0x000001b76ee45fd0 21022   !   3       java.io.PrintWriter::newLine (65 bytes)
Event: 65298.635 Thread 0x000001b76ee45fd0 nmethod 21022 0x000001b7531c4b90 code [0x000001b7531c4dc0, 0x000001b7531c5538]
Event: 65298.635 Thread 0x000001b76ee45fd0 21019       3       java.lang.Throwable$WrappedPrintWriter::println (9 bytes)
Event: 65298.635 Thread 0x000001b76ee425f0 21024       4       com.fasterxml.jackson.core.io.SegmentedStringWriter::write (11 bytes)
Event: 65298.636 Thread 0x000001b76ee45fd0 nmethod 21019 0x000001b7532ab710 code [0x000001b7532ab8c0, 0x000001b7532abaa8]
Event: 65298.636 Thread 0x000001b76ee45fd0 21021   !   3       java.io.PrintWriter::println (34 bytes)
Event: 65298.637 Thread 0x000001b76ee45fd0 nmethod 21021 0x000001b752a66990 code [0x000001b752a66b80, 0x000001b752a670a8]
Event: 65298.637 Thread 0x000001b76ee45fd0 21025       3       com.fasterxml.jackson.core.json.WriterBasedJsonGenerator::_prependOrWriteCharacterEscape (467 bytes)
Event: 65298.637 Thread 0x000001b76ee425f0 nmethod 21024 0x000001b75b467e90 code [0x000001b75b468020, 0x000001b75b4680e8]
Event: 65298.644 Thread 0x000001b76ee45fd0 nmethod 21025 0x000001b753f72d10 code [0x000001b753f72fe0, 0x000001b753f74198]
Event: 65298.644 Thread 0x000001b76ee45fd0 21023   !   3       java.io.PrintWriter::write (58 bytes)
Event: 65298.644 Thread 0x000001b76ee45fd0 nmethod 21023 0x000001b75334c290 code [0x000001b75334c4a0, 0x000001b75334caa8]
Event: 65298.666 Thread 0x000001b76ee45fd0 21026       3       com.typesafe.config.impl.SimpleConfig::throwIfNull (40 bytes)
Event: 65298.671 Thread 0x000001b76ee45fd0 nmethod 21026 0x000001b752d9e190 code [0x000001b752d9e3a0, 0x000001b752d9e9c8]
Event: 65298.692 Thread 0x000001b76ee45fd0 21027       3       java.io.StringWriter::write (10 bytes)
Event: 65298.692 Thread 0x000001b76ee45fd0 nmethod 21027 0x000001b75345c590 code [0x000001b75345c740, 0x000001b75345ca28]
Event: 65298.692 Thread 0x000001b76ee45fd0 21031       3       java.io.PrintWriter::print (9 bytes)

GC Heap History (20 events):
Event: 15.417 GC heap before
{Heap before GC invocations=43 (full 0):
 garbage-first heap   total 217088K, used 178110K [0x0000000704400000, 0x0000000800000000)
  region size 2048K, 54 young (110592K), 6 survivors (12288K)
 Metaspace       used 107864K, committed 108480K, reserved 1179648K
  class space    used 13106K, committed 13440K, reserved 1048576K
}
Event: 15.422 GC heap after
{Heap after GC invocations=44 (full 0):
 garbage-first heap   total 217088K, used 83113K [0x0000000704400000, 0x0000000800000000)
  region size 2048K, 5 young (10240K), 5 survivors (10240K)
 Metaspace       used 107864K, committed 108480K, reserved 1179648K
  class space    used 13106K, committed 13440K, reserved 1048576K
}
Event: 151.065 GC heap before
{Heap before GC invocations=44 (full 0):
 garbage-first heap   total 217088K, used 179369K [0x0000000704400000, 0x0000000800000000)
  region size 2048K, 53 young (108544K), 5 survivors (10240K)
 Metaspace       used 115760K, committed 116416K, reserved 1179648K
  class space    used 14069K, committed 14400K, reserved 1048576K
}
Event: 151.071 GC heap after
{Heap after GC invocations=45 (full 0):
 garbage-first heap   total 217088K, used 86120K [0x0000000704400000, 0x0000000800000000)
  region size 2048K, 5 young (10240K), 5 survivors (10240K)
 Metaspace       used 115760K, committed 116416K, reserved 1179648K
  class space    used 14069K, committed 14400K, reserved 1048576K
}
Event: 3534.690 GC heap before
{Heap before GC invocations=45 (full 0):
 garbage-first heap   total 217088K, used 182376K [0x0000000704400000, 0x0000000800000000)
  region size 2048K, 52 young (106496K), 5 survivors (10240K)
 Metaspace       used 120625K, committed 121344K, reserved 1179648K
  class space    used 14472K, committed 14848K, reserved 1048576K
}
Event: 3534.802 GC heap after
{Heap after GC invocations=46 (full 0):
 garbage-first heap   total 217088K, used 95135K [0x0000000704400000, 0x0000000800000000)
  region size 2048K, 7 young (14336K), 7 survivors (14336K)
 Metaspace       used 120625K, committed 121344K, reserved 1179648K
  class space    used 14472K, committed 14848K, reserved 1048576K
}
Event: 9318.261 GC heap before
{Heap before GC invocations=46 (full 0):
 garbage-first heap   total 217088K, used 177055K [0x0000000704400000, 0x0000000800000000)
  region size 2048K, 48 young (98304K), 7 survivors (14336K)
 Metaspace       used 120898K, committed 121664K, reserved 1179648K
  class space    used 14473K, committed 14848K, reserved 1048576K
}
Event: 9318.359 GC heap after
{Heap after GC invocations=47 (full 0):
 garbage-first heap   total 217088K, used 106912K [0x0000000704400000, 0x0000000800000000)
  region size 2048K, 6 young (12288K), 6 survivors (12288K)
 Metaspace       used 120898K, committed 121664K, reserved 1179648K
  class space    used 14473K, committed 14848K, reserved 1048576K
}
Event: 51002.186 GC heap before
{Heap before GC invocations=47 (full 0):
 garbage-first heap   total 217088K, used 174496K [0x0000000704400000, 0x0000000800000000)
  region size 2048K, 39 young (79872K), 6 survivors (12288K)
 Metaspace       used 120966K, committed 121664K, reserved 1179648K
  class space    used 14475K, committed 14848K, reserved 1048576K
}
Event: 51002.216 GC heap after
{Heap after GC invocations=48 (full 0):
 garbage-first heap   total 217088K, used 103116K [0x0000000704400000, 0x0000000800000000)
  region size 2048K, 3 young (6144K), 3 survivors (6144K)
 Metaspace       used 120966K, committed 121664K, reserved 1179648K
  class space    used 14475K, committed 14848K, reserved 1048576K
}
Event: 51002.393 GC heap before
{Heap before GC invocations=48 (full 0):
 garbage-first heap   total 217088K, used 172748K [0x0000000704400000, 0x0000000800000000)
  region size 2048K, 37 young (75776K), 3 survivors (6144K)
 Metaspace       used 121032K, committed 121792K, reserved 1179648K
  class space    used 14481K, committed 14848K, reserved 1048576K
}
Event: 51002.399 GC heap after
{Heap after GC invocations=49 (full 0):
 garbage-first heap   total 217088K, used 102374K [0x0000000704400000, 0x0000000800000000)
  region size 2048K, 2 young (4096K), 2 survivors (4096K)
 Metaspace       used 121032K, committed 121792K, reserved 1179648K
  class space    used 14481K, committed 14848K, reserved 1048576K
}
Event: 51002.546 GC heap before
{Heap before GC invocations=49 (full 0):
 garbage-first heap   total 217088K, used 178150K [0x0000000704400000, 0x0000000800000000)
  region size 2048K, 39 young (79872K), 2 survivors (4096K)
 Metaspace       used 121032K, committed 121792K, reserved 1179648K
  class space    used 14481K, committed 14848K, reserved 1048576K
}
Event: 51002.553 GC heap after
{Heap after GC invocations=50 (full 0):
 garbage-first heap   total 262144K, used 102248K [0x0000000704400000, 0x0000000800000000)
  region size 2048K, 2 young (4096K), 2 survivors (4096K)
 Metaspace       used 121032K, committed 121792K, reserved 1179648K
  class space    used 14481K, committed 14848K, reserved 1048576K
}
Event: 51020.521 GC heap before
{Heap before GC invocations=50 (full 0):
 garbage-first heap   total 262144K, used 210792K [0x0000000704400000, 0x0000000800000000)
  region size 2048K, 56 young (114688K), 2 survivors (4096K)
 Metaspace       used 121106K, committed 121856K, reserved 1179648K
  class space    used 14484K, committed 14848K, reserved 1048576K
}
Event: 51020.526 GC heap after
{Heap after GC invocations=51 (full 0):
 garbage-first heap   total 262144K, used 106842K [0x0000000704400000, 0x0000000800000000)
  region size 2048K, 4 young (8192K), 4 survivors (8192K)
 Metaspace       used 121106K, committed 121856K, reserved 1179648K
  class space    used 14484K, committed 14848K, reserved 1048576K
}
Event: 51022.529 GC heap before
{Heap before GC invocations=51 (full 0):
 garbage-first heap   total 262144K, used 215386K [0x0000000704400000, 0x0000000800000000)
  region size 2048K, 57 young (116736K), 4 survivors (8192K)
 Metaspace       used 121112K, committed 121856K, reserved 1179648K
  class space    used 14484K, committed 14848K, reserved 1048576K
}
Event: 51022.532 GC heap after
{Heap after GC invocations=52 (full 0):
 garbage-first heap   total 262144K, used 105568K [0x0000000704400000, 0x0000000800000000)
  region size 2048K, 4 young (8192K), 4 survivors (8192K)
 Metaspace       used 121112K, committed 121856K, reserved 1179648K
  class space    used 14484K, committed 14848K, reserved 1048576K
}
Event: 61646.195 GC heap before
{Heap before GC invocations=52 (full 0):
 garbage-first heap   total 262144K, used 216160K [0x0000000704400000, 0x0000000800000000)
  region size 2048K, 58 young (118784K), 4 survivors (8192K)
 Metaspace       used 121115K, committed 121856K, reserved 1179648K
  class space    used 14485K, committed 14848K, reserved 1048576K
}
Event: 61646.199 GC heap after
{Heap after GC invocations=53 (full 0):
 garbage-first heap   total 262144K, used 106144K [0x0000000704400000, 0x0000000800000000)
  region size 2048K, 4 young (8192K), 4 survivors (8192K)
 Metaspace       used 121115K, committed 121856K, reserved 1179648K
  class space    used 14485K, committed 14848K, reserved 1048576K
}

Dll operation events (11 events):
Event: 0.007 Loaded shared library C:\Users\alaa2\.p2\pool\plugins\org.eclipse.justj.openjdk.hotspot.jre.full.win32.x86_64_17.0.8.v20230831-1047\jre\bin\java.dll
Event: 0.209 Loaded shared library C:\Users\alaa2\.p2\pool\plugins\org.eclipse.justj.openjdk.hotspot.jre.full.win32.x86_64_17.0.8.v20230831-1047\jre\bin\zip.dll
Event: 0.212 Loaded shared library C:\Users\alaa2\.p2\pool\plugins\org.eclipse.justj.openjdk.hotspot.jre.full.win32.x86_64_17.0.8.v20230831-1047\jre\bin\instrument.dll
Event: 0.220 Loaded shared library C:\Users\alaa2\.p2\pool\plugins\org.eclipse.justj.openjdk.hotspot.jre.full.win32.x86_64_17.0.8.v20230831-1047\jre\bin\net.dll
Event: 0.221 Loaded shared library C:\Users\alaa2\.p2\pool\plugins\org.eclipse.justj.openjdk.hotspot.jre.full.win32.x86_64_17.0.8.v20230831-1047\jre\bin\nio.dll
Event: 0.226 Loaded shared library C:\Users\alaa2\.p2\pool\plugins\org.eclipse.justj.openjdk.hotspot.jre.full.win32.x86_64_17.0.8.v20230831-1047\jre\bin\zip.dll
Event: 0.341 Loaded shared library C:\Users\alaa2\.p2\pool\plugins\org.eclipse.justj.openjdk.hotspot.jre.full.win32.x86_64_17.0.8.v20230831-1047\jre\bin\jimage.dll
Event: 0.371 Loaded shared library C:\Users\alaa2\.p2\pool\plugins\org.eclipse.justj.openjdk.hotspot.jre.full.win32.x86_64_17.0.8.v20230831-1047\jre\bin\verify.dll
Event: 0.516 Loaded shared library C:\Users\alaa2\.p2\pool\plugins\org.eclipse.justj.openjdk.hotspot.jre.full.win32.x86_64_17.0.8.v20230831-1047\jre\bin\management.dll
Event: 0.518 Loaded shared library C:\Users\alaa2\.p2\pool\plugins\org.eclipse.justj.openjdk.hotspot.jre.full.win32.x86_64_17.0.8.v20230831-1047\jre\bin\management_ext.dll
Event: 14.975 Loaded shared library C:\Users\alaa2\.p2\pool\plugins\org.eclipse.justj.openjdk.hotspot.jre.full.win32.x86_64_17.0.8.v20230831-1047\jre\bin\sunmscapi.dll

Deoptimization events (20 events):
Event: 65298.688 Thread 0x000001b77a101ec0 DEOPT PACKING pc=0x000001b75b98a538 sp=0x0000003b9bafefa0
Event: 65298.688 Thread 0x000001b77a101ec0 DEOPT UNPACKING pc=0x000001b759ea7143 sp=0x0000003b9bafe458 mode 1
Event: 65298.688 Thread 0x000001b77a101ec0 DEOPT PACKING pc=0x000001b75b778824 sp=0x0000003b9baff1b0
Event: 65298.688 Thread 0x000001b77a101ec0 DEOPT UNPACKING pc=0x000001b759ea7143 sp=0x0000003b9bafe4b8 mode 1
Event: 65298.688 Thread 0x000001b77a101ec0 DEOPT PACKING pc=0x000001b75b975b98 sp=0x0000003b9baff290
Event: 65298.688 Thread 0x000001b77a101ec0 DEOPT UNPACKING pc=0x000001b759ea7143 sp=0x0000003b9bafe748 mode 1
Event: 65298.689 Thread 0x000001b77a101ec0 Uncommon trap: trap_request=0xffffffde fr.pc=0x000001b75b7b333c relative=0x000000000000039c
Event: 65298.689 Thread 0x000001b77a101ec0 Uncommon trap: reason=class_check action=maybe_recompile pc=0x000001b75b7b333c method=akka.dispatch.UnboundedQueueBasedMessageQueue$class.enqueue(Lakka/dispatch/UnboundedQueueBasedMessageQueue;Lakka/actor/ActorRef;Lakka/dispatch/Envelope;)V @ 7 c2
Event: 65298.689 Thread 0x000001b77a101ec0 DEOPT PACKING pc=0x000001b75b7b333c sp=0x0000003b9bafec10
Event: 65298.689 Thread 0x000001b77a101ec0 DEOPT UNPACKING pc=0x000001b759ea69a3 sp=0x0000003b9bafeba0 mode 2
Event: 65298.689 Thread 0x000001b77a101ec0 DEOPT PACKING pc=0x000001b75b7a0194 sp=0x0000003b9baff380
Event: 65298.689 Thread 0x000001b77a101ec0 DEOPT UNPACKING pc=0x000001b759ea7143 sp=0x0000003b9bafe6e0 mode 1
Event: 65298.690 Thread 0x000001b77a101ec0 Uncommon trap: trap_request=0xffffffde fr.pc=0x000001b75b7b333c relative=0x000000000000039c
Event: 65298.690 Thread 0x000001b77a101ec0 Uncommon trap: reason=class_check action=maybe_recompile pc=0x000001b75b7b333c method=akka.dispatch.UnboundedQueueBasedMessageQueue$class.enqueue(Lakka/dispatch/UnboundedQueueBasedMessageQueue;Lakka/actor/ActorRef;Lakka/dispatch/Envelope;)V @ 7 c2
Event: 65298.690 Thread 0x000001b77a101ec0 DEOPT PACKING pc=0x000001b75b7b333c sp=0x0000003b9bafe860
Event: 65298.690 Thread 0x000001b77a101ec0 DEOPT UNPACKING pc=0x000001b759ea69a3 sp=0x0000003b9bafe7f0 mode 2
Event: 65298.690 Thread 0x000001b77a0c68e0 Uncommon trap: trap_request=0xffffffde fr.pc=0x000001b75b97f224 relative=0x0000000000001ca4
Event: 65298.690 Thread 0x000001b77a0c68e0 Uncommon trap: reason=class_check action=maybe_recompile pc=0x000001b75b97f224 method=com.certacure.lis.interfaces.middleware.core.observer.ws_endpoint.WebSocketServer.convertAndSend(Lcom/certacure/lis/interfaces/middleware/core/observer/ObserverProtocol$
Event: 65298.690 Thread 0x000001b77a0c68e0 DEOPT PACKING pc=0x000001b75b97f224 sp=0x0000003b9a2fee30
Event: 65298.690 Thread 0x000001b77a0c68e0 DEOPT UNPACKING pc=0x000001b759ea69a3 sp=0x0000003b9a2fee30 mode 2

Classes unloaded (0 events):
No events

Classes redefined (0 events):
No events

Internal exceptions (20 events):
Event: 51004.866 Thread 0x000001b77728c010 Implicit null exception at 0x000001b75b5f7274 to 0x000001b75b5fa51c
Event: 51004.867 Thread 0x000001b77a49ded0 Implicit null exception at 0x000001b75b5f7274 to 0x000001b75b5fa51c
Event: 51004.867 Thread 0x000001b77728abd0 Implicit null exception at 0x000001b75b5f7274 to 0x000001b75b5fa51c
Event: 51004.867 Thread 0x000001b77728c520 Implicit null exception at 0x000001b75b5f7274 to 0x000001b75b5fa51c
Event: 51004.868 Thread 0x000001b77728ca30 Implicit null exception at 0x000001b75b5f7274 to 0x000001b75b5fa51c
Event: 51004.868 Thread 0x000001b77728de70 Implicit null exception at 0x000001b75b5f7274 to 0x000001b75b5fa51c
Event: 51004.868 Thread 0x000001b77728fcd0 Implicit null exception at 0x000001b75b5f7274 to 0x000001b75b5fa51c
Event: 51004.868 Thread 0x000001b77a0c4060 Implicit null exception at 0x000001b75b5f7274 to 0x000001b75b5fa51c
Event: 51004.868 Thread 0x000001b77a0c63d0 Implicit null exception at 0x000001b75b5f7274 to 0x000001b75b5fa51c
Event: 51004.869 Thread 0x000001b77728e890 Implicit null exception at 0x000001b75b5f7274 to 0x000001b75b5fa51c
Event: 51004.869 Thread 0x000001b77728eda0 Implicit null exception at 0x000001b75b5f7274 to 0x000001b75b5fa51c
Event: 51004.869 Thread 0x000001b77728bb00 Implicit null exception at 0x000001b75b5f7274 to 0x000001b75b5fa51c
Event: 51004.870 Thread 0x000001b777289ca0 Implicit null exception at 0x000001b75b5f7274 to 0x000001b75b5fa51c
Event: 51004.870 Thread 0x000001b777288860 Implicit null exception at 0x000001b75b5f7274 to 0x000001b75b5fa51c
Event: 51004.870 Thread 0x000001b77a0c4f90 Implicit null exception at 0x000001b75b5f7274 to 0x000001b75b5fa51c
Event: 51007.242 Thread 0x000001b77a103d20 Implicit null exception at 0x000001b75b72a5a0 to 0x000001b75b72acb8
Event: 51007.242 Thread 0x000001b77a103d20 Implicit null exception at 0x000001b75b72a5a0 to 0x000001b75b72acb8
Event: 51007.245 Thread 0x000001b77a103d20 Implicit null exception at 0x000001b75b72a5a0 to 0x000001b75b72acb8
Event: 51007.245 Thread 0x000001b77a103d20 Implicit null exception at 0x000001b75b72a5a0 to 0x000001b75b72acb8
Event: 64064.340 Thread 0x000001b777373550 Implicit null exception at 0x000001b75b99c7a5 to 0x000001b75b9a09f0

VM Operations (20 events):
Event: 64074.754 Executing VM operation: Cleanup
Event: 64074.754 Executing VM operation: Cleanup done
Event: 64105.507 Executing VM operation: HandshakeAllThreads
Event: 64105.508 Executing VM operation: HandshakeAllThreads done
Event: 64165.726 Executing VM operation: HandshakeAllThreads
Event: 64165.726 Executing VM operation: HandshakeAllThreads done
Event: 64228.204 Executing VM operation: Cleanup
Event: 64228.204 Executing VM operation: Cleanup done
Event: 64358.014 Executing VM operation: HandshakeAllThreads
Event: 64358.014 Executing VM operation: HandshakeAllThreads done
Event: 64359.021 Executing VM operation: Cleanup
Event: 64359.022 Executing VM operation: Cleanup done
Event: 64507.754 Executing VM operation: HandshakeAllThreads
Event: 64507.755 Executing VM operation: HandshakeAllThreads done
Event: 64668.362 Executing VM operation: Cleanup
Event: 64668.363 Executing VM operation: Cleanup done
Event: 65211.879 Executing VM operation: Cleanup
Event: 65211.884 Executing VM operation: Cleanup done
Event: 65214.916 Executing VM operation: Cleanup
Event: 65214.916 Executing VM operation: Cleanup done

Events (20 events):
Event: 65178.596 Thread 0x000001b779c07240 Thread added: 0x000001b779c07240
Event: 65178.598 Thread 0x000001b779c06d30 Thread added: 0x000001b779c06d30
Event: 65183.626 Thread 0x000001b779c07240 Thread exited: 0x000001b779c07240
Event: 65183.717 Thread 0x000001b779c06d30 Thread exited: 0x000001b779c06d30
Event: 65185.958 Thread 0x000001b779c0a4e0 Thread added: 0x000001b779c0a4e0
Event: 65185.959 Thread 0x000001b779c08170 Thread added: 0x000001b779c08170
Event: 65210.564 Thread 0x000001b77ca7fba0 Thread added: 0x000001b77ca7fba0
Event: 65210.566 Thread 0x000001b77ca800f0 Thread added: 0x000001b77ca800f0
Event: 65210.566 Thread 0x000001b77e8b0260 Thread added: 0x000001b77e8b0260
Event: 65215.633 Thread 0x000001b77ca800f0 Thread exited: 0x000001b77ca800f0
Event: 65215.633 Thread 0x000001b77ca7fba0 Thread exited: 0x000001b77ca7fba0
Event: 65215.633 Thread 0x000001b77e8b0260 Thread exited: 0x000001b77e8b0260
Event: 65249.455 Thread 0x000001b779c0a4e0 Thread exited: 0x000001b779c0a4e0
Event: 65249.501 Thread 0x000001b779c08170 Thread exited: 0x000001b779c08170
Event: 65253.012 Thread 0x000001b779c0a4e0 Thread added: 0x000001b779c0a4e0
Event: 65253.013 Thread 0x000001b779c08170 Thread added: 0x000001b779c08170
Event: 65260.948 Thread 0x000001b779c0a4e0 Thread exited: 0x000001b779c0a4e0
Event: 65260.994 Thread 0x000001b779c08170 Thread exited: 0x000001b779c08170
Event: 65298.013 loading class java/text/MessageFormat$Field
Event: 65298.026 loading class java/text/MessageFormat$Field done


Dynamic libraries:
0x00007ff6eb020000 - 0x00007ff6eb02e000 	C:\Users\alaa2\.p2\pool\plugins\org.eclipse.justj.openjdk.hotspot.jre.full.win32.x86_64_17.0.8.v20230831-1047\jre\bin\javaw.exe
0x00007ffe67b70000 - 0x00007ffe67d86000 	C:\WINDOWS\SYSTEM32\ntdll.dll
0x00007ffe66ca0000 - 0x00007ffe66d64000 	C:\WINDOWS\System32\KERNEL32.DLL
0x00007ffe65170000 - 0x00007ffe65517000 	C:\WINDOWS\System32\KERNELBASE.dll
0x00007ffe65520000 - 0x00007ffe65631000 	C:\WINDOWS\System32\ucrtbase.dll
0x00007ffdedf70000 - 0x00007ffdedf87000 	C:\Users\alaa2\.p2\pool\plugins\org.eclipse.justj.openjdk.hotspot.jre.full.win32.x86_64_17.0.8.v20230831-1047\jre\bin\jli.dll
0x00007ffe4b2b0000 - 0x00007ffe4b2c9000 	C:\Users\alaa2\.p2\pool\plugins\org.eclipse.justj.openjdk.hotspot.jre.full.win32.x86_64_17.0.8.v20230831-1047\jre\bin\VCRUNTIME140.dll
0x00007ffe66ad0000 - 0x00007ffe66c7e000 	C:\WINDOWS\System32\USER32.dll
0x00007ffe64ff0000 - 0x00007ffe65016000 	C:\WINDOWS\System32\win32u.dll
0x00007ffe64360000 - 0x00007ffe645f3000 	C:\WINDOWS\WinSxS\amd64_microsoft.windows.common-controls_6595b64144ccf1df_6.0.22621.3235_none_270f74e173860f98\COMCTL32.dll
0x00007ffe659c0000 - 0x00007ffe659e9000 	C:\WINDOWS\System32\GDI32.dll
0x00007ffe66890000 - 0x00007ffe66937000 	C:\WINDOWS\System32\msvcrt.dll
0x00007ffe65020000 - 0x00007ffe65139000 	C:\WINDOWS\System32\gdi32full.dll
0x00007ffe64e90000 - 0x00007ffe64f2a000 	C:\WINDOWS\System32\msvcp_win.dll
0x00007ffe678d0000 - 0x00007ffe67901000 	C:\WINDOWS\System32\IMM32.DLL
0x00007ffe5f120000 - 0x00007ffe5f12c000 	C:\Users\alaa2\.p2\pool\plugins\org.eclipse.justj.openjdk.hotspot.jre.full.win32.x86_64_17.0.8.v20230831-1047\jre\bin\vcruntime140_1.dll
0x00007ffe4af60000 - 0x00007ffe4aff1000 	C:\Users\alaa2\.p2\pool\plugins\org.eclipse.justj.openjdk.hotspot.jre.full.win32.x86_64_17.0.8.v20230831-1047\jre\bin\msvcp140.dll
0x00007ffdecf20000 - 0x00007ffdedb6c000 	C:\Users\alaa2\.p2\pool\plugins\org.eclipse.justj.openjdk.hotspot.jre.full.win32.x86_64_17.0.8.v20230831-1047\jre\bin\server\jvm.dll
0x00007ffe67910000 - 0x00007ffe679c2000 	C:\WINDOWS\System32\ADVAPI32.dll
0x00007ffe679d0000 - 0x00007ffe67a78000 	C:\WINDOWS\System32\sechost.dll
0x00007ffe65140000 - 0x00007ffe65168000 	C:\WINDOWS\System32\bcrypt.dll
0x00007ffe658a0000 - 0x00007ffe659b5000 	C:\WINDOWS\System32\RPCRT4.dll
0x00007ffe64bb0000 - 0x00007ffe64bfd000 	C:\WINDOWS\SYSTEM32\POWRPROF.dll
0x00007ffe46150000 - 0x00007ffe46159000 	C:\WINDOWS\SYSTEM32\WSOCK32.dll
0x00007ffe636e0000 - 0x00007ffe636ea000 	C:\WINDOWS\SYSTEM32\VERSION.dll
0x00007ffe5b0c0000 - 0x00007ffe5b0f4000 	C:\WINDOWS\SYSTEM32\WINMM.dll
0x00007ffe66d70000 - 0x00007ffe66de1000 	C:\WINDOWS\System32\WS2_32.dll
0x00007ffe64b90000 - 0x00007ffe64ba3000 	C:\WINDOWS\SYSTEM32\UMPDC.dll
0x00007ffe62f60000 - 0x00007ffe62f78000 	C:\WINDOWS\SYSTEM32\kernel.appcore.dll
0x00007ffe2d8a0000 - 0x00007ffe2d8aa000 	C:\Users\alaa2\.p2\pool\plugins\org.eclipse.justj.openjdk.hotspot.jre.full.win32.x86_64_17.0.8.v20230831-1047\jre\bin\jimage.dll
0x00007ffe64780000 - 0x00007ffe649b3000 	C:\WINDOWS\SYSTEM32\DBGHELP.DLL
0x00007ffe659f0000 - 0x00007ffe65d78000 	C:\WINDOWS\System32\combase.dll
0x00007ffe669a0000 - 0x00007ffe66a77000 	C:\WINDOWS\System32\OLEAUT32.dll
0x00007ffe64670000 - 0x00007ffe646a2000 	C:\WINDOWS\SYSTEM32\dbgcore.DLL
0x00007ffe656b0000 - 0x00007ffe65729000 	C:\WINDOWS\System32\bcryptPrimitives.dll
0x00007ffe43a60000 - 0x00007ffe43a9b000 	C:\Users\alaa2\.p2\pool\plugins\org.eclipse.justj.openjdk.hotspot.jre.full.win32.x86_64_17.0.8.v20230831-1047\jre\bin\jdwp.dll
0x00007ffe2cd60000 - 0x00007ffe2cd6e000 	C:\Users\alaa2\.p2\pool\plugins\org.eclipse.justj.openjdk.hotspot.jre.full.win32.x86_64_17.0.8.v20230831-1047\jre\bin\instrument.dll
0x00007ffdedf90000 - 0x00007ffdedfb5000 	C:\Users\alaa2\.p2\pool\plugins\org.eclipse.justj.openjdk.hotspot.jre.full.win32.x86_64_17.0.8.v20230831-1047\jre\bin\java.dll
0x00007ffdedf50000 - 0x00007ffdedf68000 	C:\Users\alaa2\.p2\pool\plugins\org.eclipse.justj.openjdk.hotspot.jre.full.win32.x86_64_17.0.8.v20230831-1047\jre\bin\zip.dll
0x00007ffe66030000 - 0x00007ffe6688c000 	C:\WINDOWS\System32\SHELL32.dll
0x00007ffe61e80000 - 0x00007ffe62779000 	C:\WINDOWS\SYSTEM32\windows.storage.dll
0x00007ffe61d40000 - 0x00007ffe61e7e000 	C:\WINDOWS\SYSTEM32\wintypes.dll
0x00007ffe65e20000 - 0x00007ffe65f13000 	C:\WINDOWS\System32\SHCORE.dll
0x00007ffe67540000 - 0x00007ffe6759e000 	C:\WINDOWS\System32\shlwapi.dll
0x00007ffe64dc0000 - 0x00007ffe64de1000 	C:\WINDOWS\SYSTEM32\profapi.dll
0x00007ffe61060000 - 0x00007ffe6106c000 	C:\Users\alaa2\.p2\pool\plugins\org.eclipse.justj.openjdk.hotspot.jre.full.win32.x86_64_17.0.8.v20230831-1047\jre\bin\dt_socket.dll
0x00007ffe629d0000 - 0x00007ffe629fd000 	C:\WINDOWS\SYSTEM32\IPHLPAPI.DLL
0x00007ffe63330000 - 0x00007ffe63399000 	C:\WINDOWS\system32\mswsock.dll
0x00007ffe62a00000 - 0x00007ffe62af9000 	C:\WINDOWS\SYSTEM32\DNSAPI.dll
0x00007ffe66c90000 - 0x00007ffe66c99000 	C:\WINDOWS\System32\NSI.dll
0x00007ffe5d470000 - 0x00007ffe5d47a000 	C:\Windows\System32\rasadhlp.dll
0x00007ffe5ba70000 - 0x00007ffe5baf3000 	C:\WINDOWS\System32\fwpuclnt.dll
0x00007ffdedf30000 - 0x00007ffdedf49000 	C:\Users\alaa2\.p2\pool\plugins\org.eclipse.justj.openjdk.hotspot.jre.full.win32.x86_64_17.0.8.v20230831-1047\jre\bin\net.dll
0x00007ffe5db90000 - 0x00007ffe5dcc6000 	C:\WINDOWS\SYSTEM32\WINHTTP.dll
0x00007ffdedf10000 - 0x00007ffdedf25000 	C:\Users\alaa2\.p2\pool\plugins\org.eclipse.justj.openjdk.hotspot.jre.full.win32.x86_64_17.0.8.v20230831-1047\jre\bin\nio.dll
0x00007ffe2ca70000 - 0x00007ffe2ca80000 	C:\Users\alaa2\.p2\pool\plugins\org.eclipse.justj.openjdk.hotspot.jre.full.win32.x86_64_17.0.8.v20230831-1047\jre\bin\verify.dll
0x00007ffe5f1b0000 - 0x00007ffe5f1b9000 	C:\Users\alaa2\.p2\pool\plugins\org.eclipse.justj.openjdk.hotspot.jre.full.win32.x86_64_17.0.8.v20230831-1047\jre\bin\management.dll
0x00007ffe4c530000 - 0x00007ffe4c53b000 	C:\Users\alaa2\.p2\pool\plugins\org.eclipse.justj.openjdk.hotspot.jre.full.win32.x86_64_17.0.8.v20230831-1047\jre\bin\management_ext.dll
0x00007ffe65e10000 - 0x00007ffe65e18000 	C:\WINDOWS\System32\PSAPI.DLL
0x00007ffe42780000 - 0x00007ffe42797000 	C:\WINDOWS\system32\napinsp.dll
0x00007ffe41d20000 - 0x00007ffe41d3b000 	C:\WINDOWS\system32\pnrpnsp.dll
0x00007ffe44690000 - 0x00007ffe446a1000 	C:\WINDOWS\System32\winrnr.dll
0x00007ffe5b330000 - 0x00007ffe5b345000 	C:\WINDOWS\system32\wshbth.dll
0x00007ffe41a10000 - 0x00007ffe41a31000 	C:\WINDOWS\system32\nlansp_c.dll
0x00007ffe5db70000 - 0x00007ffe5db89000 	C:\WINDOWS\SYSTEM32\dhcpcsvc6.DLL
0x00007ffe5db50000 - 0x00007ffe5db6f000 	C:\WINDOWS\SYSTEM32\dhcpcsvc.DLL
0x00007ffe64ab0000 - 0x00007ffe64acb000 	C:\WINDOWS\SYSTEM32\CRYPTSP.dll
0x00007ffe62ec0000 - 0x00007ffe62ef5000 	C:\WINDOWS\system32\rsaenh.dll
0x00007ffe633e0000 - 0x00007ffe63408000 	C:\WINDOWS\SYSTEM32\USERENV.dll
0x00007ffe63540000 - 0x00007ffe6354c000 	C:\WINDOWS\SYSTEM32\CRYPTBASE.dll
0x00007ffe57a60000 - 0x00007ffe57a6e000 	C:\Users\alaa2\.p2\pool\plugins\org.eclipse.justj.openjdk.hotspot.jre.full.win32.x86_64_17.0.8.v20230831-1047\jre\bin\sunmscapi.dll
0x00007ffe65730000 - 0x00007ffe65897000 	C:\WINDOWS\System32\CRYPT32.dll
0x00007ffe63fb0000 - 0x00007ffe63fde000 	C:\WINDOWS\SYSTEM32\ncrypt.dll
0x00007ffe63f70000 - 0x00007ffe63fa7000 	C:\WINDOWS\SYSTEM32\NTASN1.dll
0x00007ffe34230000 - 0x00007ffe34238000 	C:\WINDOWS\system32\wshunix.dll

dbghelp: loaded successfully - version: 4.0.5 - missing functions: none
symbol engine: initialized successfully - sym options: 0x614 - pdb path: .;C:\Users\alaa2\.p2\pool\plugins\org.eclipse.justj.openjdk.hotspot.jre.full.win32.x86_64_17.0.8.v20230831-1047\jre\bin;C:\WINDOWS\SYSTEM32;C:\WINDOWS\WinSxS\amd64_microsoft.windows.common-controls_6595b64144ccf1df_6.0.22621.3235_none_270f74e173860f98;C:\Users\alaa2\.p2\pool\plugins\org.eclipse.justj.openjdk.hotspot.jre.full.win32.x86_64_17.0.8.v20230831-1047\jre\bin\server

VM Arguments:
jvm_args: -XX:+ShowCodeDetailsInExceptionMessages -agentlib:jdwp=transport=dt_socket,suspend=y,address=localhost:53670 -javaagent:C:\Users\alaa2\eclipse\jee-2023-06\eclipse\configuration\org.eclipse.osgi\430\0\.cp\lib\javaagent-shaded.jar -Dfile.encoding=UTF-8 
java_command: com.certacure.app.Application
java_class_path (initial): C:\CertaCure\repos\Certacure-Integration-Engine\Machine-Integration-Web\target\classes;C:\CertaCure\repos\Certacure-Integration-Engine\Machine-Integration-Core\target\classes;C:\Users\alaa2\.p2\pool\plugins\org.junit_4.13.2.v20211018-1956.jar;C:\Users\alaa2\.p2\pool\plugins\org.hamcrest.core_1.3.0.v20180420-1519.jar;C:\Users\alaa2\.m2\repository\org\postgresql\postgresql\42.2.9\postgresql-42.2.9.jar;C:\Users\alaa2\.m2\repository\org\java-websocket\Java-WebSocket\1.3.0\Java-WebSocket-1.3.0.jar;C:\Users\alaa2\.m2\repository\com\typesafe\akka\akka-actor_2.11\2.4.6\akka-actor_2.11-2.4.6.jar;C:\Users\alaa2\.m2\repository\org\scala-lang\scala-library\2.11.8\scala-library-2.11.8.jar;C:\Users\alaa2\.m2\repository\com\typesafe\config\1.3.0\config-1.3.0.jar;C:\Users\alaa2\.m2\repository\org\scala-lang\modules\scala-java8-compat_2.11\0.7.0\scala-java8-compat_2.11-0.7.0.jar;C:\Users\alaa2\.m2\repository\ca\uhn\hapi\hapi-base\2.3\hapi-base-2.3.jar;C:\Users\alaa2\.m2\repository\joda-time\joda-time\2.10.5\joda-time-2.10.5.jar;C:\Users\alaa2\.m2\repository\ca\uhn\hapi\hapi-hl7overhttp\2.3\hapi-hl7overhttp-2.3.jar;C:\Users\alaa2\.m2\repository\commons-lang\commons-lang\2.6\commons-lang-2.6.jar;C:\Users\alaa2\.m2\repository\org\bouncycastle\bcmail-jdk16\1.46\bcmail-jdk16-1.46.jar;C:\Users\alaa2\.m2\repository\ca\uhn\hapi\hapi-structures-v25\2.3\hapi-structures-v25-2.3.jar;C:\Users\alaa2\.m2\repository\ca\uhn\hapi\hapi-structures-v24\2.3\hapi-structures-v24-2.3.jar;C:\Users\alaa2\.m2\repository\ca\uhn\hapi\fhir\hapi-fhir-structures-dstu2\5.4.2\hapi-fhir-structures-dstu2-5.4.2.jar;C:\Users\alaa2\.m2\repository\ca\uhn\hapi\fhir\hapi-fhir-base\5.4.2\hapi-fhir-base-5.4.2.jar;C:\Users\alaa2\.m2\repository\com\fasterxml\jackson\datatype\jackson-datatype-jsr310\2.10.2\jackson-datatype-jsr310-2.10.2.jar;C:\Users\alaa2\.m2\repository\org\apache\commons\commons-lang3\3.9\commons-lang3-3.9.jar;C:\Users\alaa2\.m2\repository\org\apache\commons\commons-text\1.9\commons-
Launcher Type: SUN_STANDARD

[Global flags]
     intx CICompilerCount                          = 12                                        {product} {ergonomic}
     uint ConcGCThreads                            = 4                                         {product} {ergonomic}
     uint G1ConcRefinementThreads                  = 15                                        {product} {ergonomic}
   size_t G1HeapRegionSize                         = 2097152                                   {product} {ergonomic}
    uintx GCDrainStackTargetSize                   = 64                                        {product} {ergonomic}
   size_t InitialHeapSize                          = 264241152                                 {product} {ergonomic}
   size_t MarkStackSize                            = 4194304                                   {product} {ergonomic}
   size_t MaxHeapSize                              = 4223664128                                {product} {ergonomic}
   size_t MaxNewSize                               = 2533359616                                {product} {ergonomic}
   size_t MinHeapDeltaBytes                        = 2097152                                   {product} {ergonomic}
   size_t MinHeapSize                              = 8388608                                   {product} {ergonomic}
    uintx NonNMethodCodeHeapSize                   = 7602480                                {pd product} {ergonomic}
    uintx NonProfiledCodeHeapSize                  = 122027880                              {pd product} {ergonomic}
    uintx ProfiledCodeHeapSize                     = 122027880                              {pd product} {ergonomic}
    uintx ReservedCodeCacheSize                    = 251658240                              {pd product} {ergonomic}
     bool SegmentedCodeCache                       = true                                      {product} {ergonomic}
     bool ShowCodeDetailsInExceptionMessages       = true                                   {manageable} {command line}
   size_t SoftMaxHeapSize                          = 4223664128                             {manageable} {ergonomic}
     bool UseCompressedClassPointers               = true                           {product lp64_product} {ergonomic}
     bool UseCompressedOops                        = true                           {product lp64_product} {ergonomic}
     bool UseG1GC                                  = true                                      {product} {ergonomic}
     bool UseLargePagesIndividualAllocation        = false                                  {pd product} {ergonomic}

Logging:
Log output configuration:
 #0: stdout all=warning uptime,level,tags
 #1: stderr all=off uptime,level,tags

Environment Variables:
PATH=C:\Users\alaa2\.p2\pool\plugins\org.eclipse.justj.openjdk.hotspot.jre.full.win32.x86_64_17.0.8.v20230831-1047\jre\bin;C:/Users/alaa2/.p2/pool/plugins/org.eclipse.justj.openjdk.hotspot.jre.full.win32.x86_64_17.0.8.v20230831-1047/jre/bin/server;C:/Users/alaa2/.p2/pool/plugins/org.eclipse.justj.openjdk.hotspot.jre.full.win32.x86_64_17.0.8.v20230831-1047/jre/bin;C:\Program Files (x86)\Common Files\Oracle\Java\javapath;C:\Windows\system32;C:\Windows;C:\Windows\System32\Wbem;C:\Windows\System32\WindowsPowerShell\v1.0\;C:\Windows\System32\OpenSSH\;C:\Program Files (x86)\NVIDIA Corporation\PhysX\Common;C:\Program Files\NVIDIA Corporation\NVIDIA NvDLISR;C:\WINDOWS\system32;C:\WINDOWS;C:\WINDOWS\System32\Wbem;C:\WINDOWS\System32\WindowsPowerShell\v1.0\;C:\WINDOWS\System32\OpenSSH\;C:\Program Files\Java\jdk1.8.0_202\bin;C:\Program Files\Microsoft VS Code\bin;C:\gradle\gradle-6.3-all\gradle-6.3\bin;C:\Program Files\PostgreSQL\11\bin;C:\Program Files\Git\cmd;C:\Users\alaa2\AppData\Local\Microsoft\WindowsApps;;C:\WINDOWS\system32;
USERNAME=alaa2
OS=Windows_NT
PROCESSOR_IDENTIFIER=Intel64 Family 6 Model 154 Stepping 3, GenuineIntel
TMP=C:\Users\alaa2\AppData\Local\Temp
TEMP=C:\Users\alaa2\AppData\Local\Temp



---------------  S Y S T E M  ---------------

OS:
 Windows 11 , 64 bit Build 22621 (10.0.22621.3374)
OS uptime: 2 days 2:03 hours
Hyper-V role detected

CPU: total 20 (initial active 20) (10 cores per cpu, 2 threads per core) family 6 model 154 stepping 3 microcode 0x41b, cx8, cmov, fxsr, ht, mmx, 3dnowpref, sse, sse2, sse3, ssse3, sse4.1, sse4.2, popcnt, lzcnt, tsc, tscinvbit, avx, avx2, aes, erms, clmul, bmi1, bmi2, adx, sha, fma, vzeroupper, clflush, clflushopt, clwb, hv
Processor Information for processor 0
  Max Mhz: 2300, Current Mhz: 951, Mhz Limit: 2300
Processor Information for processor 1
  Max Mhz: 2300, Current Mhz: 951, Mhz Limit: 2300
Processor Information for processor 2
  Max Mhz: 2300, Current Mhz: 2300, Mhz Limit: 2300
Processor Information for processor 3
  Max Mhz: 2300, Current Mhz: 2300, Mhz Limit: 2300
Processor Information for processor 4
  Max Mhz: 2300, Current Mhz: 2300, Mhz Limit: 2300
Processor Information for processor 5
  Max Mhz: 2300, Current Mhz: 2300, Mhz Limit: 2300
Processor Information for processor 6
  Max Mhz: 2300, Current Mhz: 2300, Mhz Limit: 2300
Processor Information for processor 7
  Max Mhz: 2300, Current Mhz: 2300, Mhz Limit: 2300
Processor Information for processor 8
  Max Mhz: 2300, Current Mhz: 2300, Mhz Limit: 2300
Processor Information for processor 9
  Max Mhz: 2300, Current Mhz: 2300, Mhz Limit: 2300
Processor Information for processor 10
  Max Mhz: 2300, Current Mhz: 951, Mhz Limit: 2300
Processor Information for processor 11
  Max Mhz: 2300, Current Mhz: 2300, Mhz Limit: 2300
Processor Information for processor 12
  Max Mhz: 2300, Current Mhz: 1700, Mhz Limit: 1679
Processor Information for processor 13
  Max Mhz: 2300, Current Mhz: 1700, Mhz Limit: 1679
Processor Information for processor 14
  Max Mhz: 2300, Current Mhz: 1300, Mhz Limit: 1679
Processor Information for processor 15
  Max Mhz: 2300, Current Mhz: 1700, Mhz Limit: 1679
Processor Information for processor 16
  Max Mhz: 2300, Current Mhz: 1700, Mhz Limit: 1679
Processor Information for processor 17
  Max Mhz: 2300, Current Mhz: 1700, Mhz Limit: 1679
Processor Information for processor 18
  Max Mhz: 2300, Current Mhz: 1300, Mhz Limit: 1679
Processor Information for processor 19
  Max Mhz: 2300, Current Mhz: 1300, Mhz Limit: 1679

Memory: 4k page, system-wide physical 16108M (234M free)
TotalPageFile size 65260M (AvailPageFile size 0M)
current process WorkingSet (physical memory assigned to process): 118M, peak: 628M
current process commit charge ("private bytes"): 710M, peak: 715M

vm_info: OpenJDK 64-Bit Server VM (17.0.8.1+1) for windows-amd64 JRE (17.0.8.1+1), built on Aug 23 2023 15:29:17 by "admin" with MS VC++ 16.7 (VS2019)

END.
